// Jest Snapshot v1, https://goo.gl/fbAQLP

exports[`Form Renders Basic story 1`] = `
.c3 {
  display: -webkit-box;
  display: -webkit-flex;
  display: -ms-flexbox;
  display: flex;
  -webkit-flex-direction: row;
  -ms-flex-direction: row;
  flex-direction: row;
  -webkit-align-items: center;
  -webkit-box-align: center;
  -ms-flex-align: center;
  align-items: center;
  padding-bottom: 0.25rem;
  padding-top: 0.25rem;
  -webkit-box-pack: start;
  -webkit-justify-content: flex-start;
  -ms-flex-pack: start;
  justify-content: flex-start;
}

.c4 {
  padding-right: 0.5rem;
  text-align: right;
}

.c0 {
  padding-bottom: 0.25rem;
  padding-top: 0.25rem;
}

.c1 {
  margin-left: 0.5rem;
}

.c2 {
  display: -webkit-box;
  display: -webkit-flex;
  display: -ms-flexbox;
  display: flex;
  -webkit-flex-direction: column;
  -ms-flex-direction: column;
  flex-direction: column;
  -webkit-align-items: flex-end;
  -webkit-box-align: flex-end;
  -ms-flex-align: flex-end;
  align-items: flex-end;
}

.c5 {
  margin-bottom: 0;
}

<body>
  <div>
    <div
      class="react-grid-layout layout"
      style="height: 130px;"
    >
      <div
        class="react-grid-item react-draggable cssTransforms react-resizable"
        data-grid="[object Object]"
        style="width: 202px; height: 110px; position: absolute; transform: translate(10px,10px);"
      >
        <div
          style="background-color: rgb(239, 239, 239); width: 100%; height: 100%; border-radius: 0.5em; overflow: hidden; display: flex; flex-direction: column;"
        >
          <div
            style="padding: 2em;"
          >
            <div
              class="ant-row ant-row-middle c0"
            >
              <div
                class="ant-col c1"
                style="flex: 0 0 7rem;"
              >
                <div
                  class="c2"
                >
                  <div
                    class="c3"
                  >
                    <span
                      class="c4"
                    >
                      Username :
                    </span>
                  </div>
                </div>
              </div>
              <div
                class="ant-col"
                style="flex-basis: auto;"
              >
                <div
                  class="ant-row ant-form-item c5"
                >
                  <div
                    class="ant-col ant-form-item-control"
                  >
                    <div
                      class="ant-form-item-control-input"
                    >
                      <div
                        class="ant-form-item-control-input-content"
                      >
                        <input
                          class="ant-input"
                          type="text"
                          value=""
                        />
                      </div>
                    </div>
                  </div>
                </div>
              </div>
            </div>
            <div
              class="ant-row ant-row-middle c0"
            >
              <div
                class="ant-col c1"
                style="flex: 0 0 7rem;"
              >
                <div
                  class="c2"
                >
                  <div
                    class="c3"
                  >
                    <span
                      class="c4"
                    >
                      Password :
                    </span>
                  </div>
                </div>
              </div>
              <div
                class="ant-col"
                style="flex-basis: auto;"
              >
                <div
                  class="ant-row ant-form-item c5"
                >
                  <div
                    class="ant-col ant-form-item-control"
                  >
                    <div
                      class="ant-form-item-control-input"
                    >
                      <div
                        class="ant-form-item-control-input-content"
                      >
                        <span
                          class="ant-input-affix-wrapper ant-input-password"
                        >
                          <input
                            action="click"
                            class="ant-input"
                            type="password"
                            value=""
                          />
                          <span
                            class="ant-input-suffix"
                          >
                            <span
                              aria-label="eye-invisible"
                              class="anticon anticon-eye-invisible ant-input-password-icon"
                              role="img"
                              tabindex="-1"
                            >
                              <svg
                                aria-hidden="true"
                                data-icon="eye-invisible"
                                fill="currentColor"
                                focusable="false"
                                height="1em"
                                viewBox="64 64 896 896"
                                width="1em"
                              >
                                <path
                                  d="M942.2 486.2Q889.47 375.11 816.7 305l-50.88 50.88C807.31 395.53 843.45 447.4 874.7 512 791.5 684.2 673.4 766 512 766q-72.67 0-133.87-22.38L323 798.75Q408 838 512 838q288.3 0 430.2-300.3a60.29 60.29 0 000-51.5zm-63.57-320.64L836 122.88a8 8 0 00-11.32 0L715.31 232.2Q624.86 186 512 186q-288.3 0-430.2 300.3a60.3 60.3 0 000 51.5q56.69 119.4 136.5 191.41L112.48 835a8 8 0 000 11.31L155.17 889a8 8 0 0011.31 0l712.15-712.12a8 8 0 000-11.32zM149.3 512C232.6 339.8 350.7 258 512 258c54.54 0 104.13 9.36 149.12 28.39l-70.3 70.3a176 176 0 00-238.13 238.13l-83.42 83.42C223.1 637.49 183.3 582.28 149.3 512zm246.7 0a112.11 112.11 0 01146.2-106.69L401.31 546.2A112 112 0 01396 512z"
                                />
                                <path
                                  d="M508 624c-3.46 0-6.87-.16-10.25-.47l-52.82 52.82a176.09 176.09 0 00227.42-227.42l-52.82 52.82c.31 3.38.47 6.79.47 10.25a111.94 111.94 0 01-112 112z"
                                />
                              </svg>
                            </span>
                          </span>
                        </span>
                      </div>
                    </div>
                  </div>
                </div>
              </div>
            </div>
            <div
              class="ant-row ant-row-middle c0"
            >
              <div
                class="ant-col c1"
                style="flex: 0 0 7rem;"
              >
                <div
                  class="c2"
                >
                  <div
                    class="c3"
                  >
                    <span
                      class="c4"
                    >
                      File :
                    </span>
                  </div>
                </div>
              </div>
              <div
                class="ant-col"
                style="flex-basis: auto;"
              >
                <div
                  class="ant-row ant-form-item c5"
                >
                  <div
                    class="ant-col ant-form-item-control"
                  >
                    <div
                      class="ant-form-item-control-input"
                    >
                      <div
                        class="ant-form-item-control-input-content"
                      >
                        <div
                          class="ant-row ant-row-no-wrap"
                          style="margin-left: -4px; margin-right: -4px;"
                        >
                          <div
                            class="ant-col"
                            style="padding-left: 4px; padding-right: 4px;"
                          >
                            <input
                              id="file"
                              style="display: none;"
                              type="file"
                            />
                            <input
                              class="ant-input ant-input-disabled"
                              disabled=""
                              type="text"
                              value=""
                            />
                          </div>
                          <div
                            class="ant-col"
                            style="padding-left: 4px; padding-right: 4px;"
                          >
                            <div
                              class="ant-space ant-space-horizontal ant-space-align-center"
                            >
                              <div
                                class="ant-space-item"
                              >
                                <button
                                  class="ant-btn"
                                  type="button"
                                >
                                  <span
                                    aria-label="folder-open"
                                    class="anticon anticon-folder-open"
                                    role="img"
                                  >
                                    <svg
                                      aria-hidden="true"
                                      data-icon="folder-open"
                                      fill="currentColor"
                                      focusable="false"
                                      height="1em"
                                      viewBox="64 64 896 896"
                                      width="1em"
                                    >
                                      <path
                                        d="M928 444H820V330.4c0-17.7-14.3-32-32-32H473L355.7 186.2a8.15 8.15 0 00-5.5-2.2H96c-17.7 0-32 14.3-32 32v592c0 17.7 14.3 32 32 32h698c13 0 24.8-7.9 29.7-20l134-332c1.5-3.8 2.3-7.9 2.3-12 0-17.7-14.3-32-32-32zM136 256h188.5l119.6 114.4H748V444H238c-13 0-24.8 7.9-29.7 20L136 643.2V256zm635.3 512H159l103.3-256h612.4L771.3 768z"
                                      />
                                    </svg>
                                  </span>
                                  <span>
                                    Select
                                  </span>
                                </button>
                              </div>
                            </div>
                          </div>
                        </div>
                      </div>
                    </div>
                  </div>
                </div>
              </div>
            </div>
            <button
              class="ant-btn"
              type="button"
            >
              <span>
                Submit
              </span>
            </button>
          </div>
        </div>
        <span
          class="react-resizable-handle react-resizable-handle-se"
        />
      </div>
      <div
        class="react-grid-item react-draggable cssTransforms react-resizable"
        data-grid="[object Object]"
        style="width: 202px; height: 110px; position: absolute; transform: translate(222px,10px);"
      >
        <div
          style="background-color: rgb(239, 239, 239); width: 100%; height: 100%; border-radius: 0.5em; overflow: hidden; display: flex; flex-direction: column;"
        >
          <div
            style="padding: 2em;"
          >
            <h1>
              2
            </h1>
          </div>
        </div>
        <span
          class="react-resizable-handle react-resizable-handle-se"
        />
      </div>
    </div>
  </div>
</body>
`;
